cd /F/Git_tutorials/Devcolibri/git-sample (переходим в эту папку)
git init (находясь в этой папке - создаем .git короче проэкт)
git --versiot (версия гит)
ls - (лист файлов)
ls -a (показать всё даже скрытые)

-настойка локального проэкта
git config user.name "Test User"
git config user.email "Test@mail.ru"
(теперь в скрытой папке .git в confif будет наш юзер)
если этого не делать то будут использоваться глобальный user.name user.email

создали в паке файл test.txt
прежде чем сделать комит файла надо сделать
git add test.txt (добавили для коммита кондидат - называется индексация)
gitk (дефолтный редактор для просмотра комитов)
(после его включения консоль с командами дала ошибку)

git commit -m "F" (создание коммит с коментарием"F")
gitk (теперь работает без ошибок)

изменил в test.txt текст делаю git commit
говорит что файл был изменен надо его добавить, делаю git add и
делаю git commit -m "Secondary commint"
в gitk отображаются подробности того что изменилось в test.txt

git status (статус)
On branch master - (мы в ветке мастер)
nothing to commit, working tree clean (ничего не изменено, рабочее дерево пустое)

clear (очистить консоль)

git status (показывает были ли изменения в проэкте)


если git add "test.txt" потом git status - файл test.txt уже зеленый, значит готов к комиту

создал файл ае-шный и статус показал красным:
nothing added to commit but untracked files present (use "git add" to track) - ничего не добавленно, но есть непроследуемый файл т.е ае-шный

git add [пробел] * - добавить в индексацию все файлы


история: (урок 4)
история оснвывается только на комитах(снапшотах)

git log (история)

git log --pretty=oneline (вывести историю в одну строку)
-= стрелка вверх - предыдущая команда=-

git log --pretty=oneline --max-count=3(последнии 3 комента)
git log --pretty=oneline --all(вывести все комиты)
git log --pretty=oneline --author="Test User"(вывод по автору)
$ git log --pretty=format:"%h - %s : %ad [ %an ]" --date=short (котортко комиты)
$ git log --pretty=format:"%h %ad | %s %d" --date=short (коротко 2)

git checkout (откатиться, сбросить)

git checkout 331e539 (возвращение к точке 331e539 - только голова Git-а тут )
gitk (показывает только историю до этой 331e539 точки)
и git log то же показывает только историю до этой 331e539 точки
(в папке пропали некоторые файлы) - (с ае проэктом, если он открыт, то будут баги - лучше его закрыть и заново перезапустить после всех процедур)

git checkout master (опять возврат к последнему и файлы появятся)

//*урок 6
как вернуть проиндексированные файлы
-- теперь сделал изменения в файле -написал killmy, добавил его git add test.txt (проиндексировал) но передумал его комитить
тогда 
git reset HEAD test.txt (не применять проиндексированные изменения к файлу- очень похоже на checkout) - git status опять покажет файл test.txt красным (git опять не знает о изменениях)

git checkout test.txt (и теперь возвращаем наш файл как н был закомичен killmy исчез)
//*
 
удаление комита (черевато конфликтами)урок 7

git revert HEAD (гит предложит какой то свой редактор, но мы не будем этого делать - внизу пишем :q (выход)
теперь пишем git revert HEAD --no-edit (откатить/удалить без редактирования)
HEAD - это самый последний комит нашей ветки
(но почему то ошибочные  изменения в файле остались - сделал еще раз  git revert HEAD --no-edit - всё норм)

так же можно удалить комит как: git revert [хеш] --no-edit


//урок 9 Ветки

 git branch (показать локальные ветки - * активная в данный момент ветка)

$ git checkout -b newbranch (создать новую newbranch ветку)
всё что находилось в ветке master всё перешло в ветку newbranch


-сделал изменение файла, закомитил
$ git checkout master (передти на ветку master)
- и в мастере нет изменений что сделал в новой ветке - всё норм

находясь в ветке мастер - git merge newbranch (объединяем ветку мастер с веткой ньюбранч)

git branch -d checkout(ничайно чтоли создал ветку checkout - и теперь её удалил)
git branch | wc -l (узнать количество веток)

ветки находятся в .git\refs\heads (я случайно создал одну на кирилице и не мог удалить - стер руками)

git rebase newbranch (то же слияние веток, но оно редко используется в сети так как нарушается история изменений)

// удаленный репозиторий (урок 12)
сначала заходим в папку например: cd /F/Git_tutorials/Devcolibri/udal
git clone https://github.com/dizel-man/test.git (склонировать/скопировать с гита проэкт)
... скопирован

--
загрузить в гитхаб чужой локальный проэкт

заходим в проэкт cd /F/Git_tutorials/Devcolibri/git-sample

!!! -  git remote add origin https://github.com/dizel-man/test.git(добавляем удаленный репозиорий)

git push -u origin master
но перед этим надо было зайти в гитхабе в сетинг>> колобарейшен>> и в ад колоборатор добавить человека и потом 
git push -u origin master
--
загрузка своего локального в гитхаб
делаем какие то изменения
git add *
git commit ""
и 
git push 
всё наш локальный улетел в гитхаб
--
чтобы залить ветку на гитхаб надо:
git push origin newbranch
заходим в гит, смотрим - появилась ветка newbranch
--
git push (вносит изменения в удаленный репазиторий)
git commit(вносит изменения в локальный репазиторий)

но git push - не зальёт на сервак если локально не было комита
--

//
git pull origin newbranch(скачиваем/затягваем с удаленногорепазитория эту ветку)
git pull --rebase origin master(сначала он зальёт комиты с удаленного, потом свеху зальёт локальные изменения)
//
если на удаленном были изменения надо:
$ git push origin newbranch (т.е. git push  https://github.com/dizel-man/test.git newbranch)
//
git stash(временно поместить в корзинку - если локально есть изменения то отлажить их применение для сначало для загрузки удаленных изменений)
git stash list (показать какие изменения были локально)
$ git stash drop(удаляет корзинку)
$ git stash pop(применяет последний добавленный stash и удалает  stash)
$ git stash clear(удаляет корзинку)
//
origin - те названия которые гит сервера дают для репазитория
git remote -v (с каким удаленным сервером работаем)

// I setuped SourseTree

git commit -a -m 'added new benchmarks' (комит только!!! для уже проиндексированный без add)
build/ # игнорировать все файлы в каталоге build/
git reset HEAD benchmarks.rb (отменить индексацию файла benchmarks.rb)



git remote add origin https://github.com/.... - добовляем(связываемся) локальный и удаленный репазиторий , чтобы потом отправлять туда свои изменения

origin - это краткое название удаленного репазитория

git Bash Here (правой мышкой в папке создает тут репазиторий или если он был, то открывает его)

git clone https://github.com/.... - вытягиваем с удал. репазитория



git push -u origin master - (отправляем на удал.репазиторий ) (-u origin master - пишем, чтобы потом для отправки писать просто - git push)







git mv - переименование или перемещение (git mv 1.txt 2.txt - переименовали 1 в 2)
git mv ccc.txt abc/ccc.txt - переместили файл ссс в папку abc
git add abc/ - добавить всё что в папке abc

 
(сделали ошибочные правки в файле test_.txt)
git --checkout test_.txt - вытаскивает(востанавливает) это файл из репазитория 
git --checkout abc/ - вытаскивает(востанавливает) эту папку из репазитория 

*/
как поменять последний комит?
например сделали изменения в файле
потом add его
и commit
..
передумали... и надо в последний комит отправить другое
делаем изменения в файле,
потом add его
и
git commit --amend -m "new commit" - так мы поменяли текст и файл последнего!!! комита

*/
//
отменить индексирование файла
git reset HEAD <file> (на работе не сработал а git rm --cached <file> сработал)

//
git diff - посмотреть что было изменено
//

взять файл из предыдущего комита
git checkout abe3126221dc5e007eae6c1b3f99b50685e93403 -- help.txt (обрати внимание на пробелы)
после этого help.txt попадет как modifed



